// Jest Snapshot v1, https://goo.gl/fbAQLP

exports[`should correctly render LoginPage 1`] = `
<div
  className="box-layout"
>
  <div
    className="box-layout__box"
  >
    <h1
      className=".box-layout__title"
    >
       My Expenses
    </h1>
    <p>
       Get all expenses under control
    </p>
    <button
      className="button"
    >
      Login with Gmail
    </button>
  </div>
</div>
`;
